  Determining projects to restore...
  All projects are up-to-date for restore.
C:\Users\Israel\Desktop\WikipediaAutomation\Pages\WikipediaPlaywrightPage.cs(11,33): warning CS0414: The field 'WikipediaPlaywrightPage._microsoftDevToolsLinks' is assigned but its value is never used [C:\Users\Israel\Desktop\WikipediaAutomation\WikipediaAutomation.csproj]
C:\Users\Israel\Desktop\WikipediaAutomation\Pages\WikipediaPlaywrightPage.cs(12,33): warning CS0414: The field 'WikipediaPlaywrightPage._appearanceButton' is assigned but its value is never used [C:\Users\Israel\Desktop\WikipediaAutomation\WikipediaAutomation.csproj]
C:\Users\Israel\Desktop\WikipediaAutomation\Pages\WikipediaPlaywrightPage.cs(13,33): warning CS0414: The field 'WikipediaPlaywrightPage._darkModeRadio' is assigned but its value is never used [C:\Users\Israel\Desktop\WikipediaAutomation\WikipediaAutomation.csproj]
  WikipediaAutomation -> C:\Users\Israel\Desktop\WikipediaAutomation\bin\Debug\net10.0\WikipediaAutomation.dll
Test run for C:\Users\Israel\Desktop\WikipediaAutomation\bin\Debug\net10.0\WikipediaAutomation.dll (.NETCoreApp,Version=v10.0)
A total of 1 test files matched the specified pattern.
  Failed Task1_VerifyUniqueWordCountsAreEqual [4 s]
  Error Message:
     UI word count (172) does not match API word count (421).
Assert.That(uiWordCount, Is.EqualTo(apiWordCount))
  Expected: 421
  But was:  172

  Stack Trace:
     at AutomationTask.Tests.WikipediaAutomationTests.Task1_VerifyUniqueWordCountsAreEqual() in C:\Users\Israel\Desktop\WikipediaAutomation\Tests\WikipediaAutomationTests.cs:line 35
   at NUnit.Framework.Internal.TaskAwaitAdapter.GenericAdapter`1.BlockUntilCompleted()
   at NUnit.Framework.Internal.MessagePumpStrategy.NoMessagePumpStrategy.WaitForCompletion(AwaitAdapter awaiter)
   at NUnit.Framework.Internal.AsyncToSyncAdapter.Await[TResult](TestExecutionContext context, Func`1 invoke)
   at NUnit.Framework.Internal.AsyncToSyncAdapter.Await(TestExecutionContext context, Func`1 invoke)
   at NUnit.Framework.Internal.Commands.TestMethodCommand.RunTestMethod(TestExecutionContext context)
   at NUnit.Framework.Internal.Commands.TestMethodCommand.Execute(TestExecutionContext context)
   at NUnit.Framework.Internal.Commands.BeforeAndAfterTestCommand.<>c__DisplayClass1_0.<Execute>b__0()
   at NUnit.Framework.Internal.Commands.DelegatingTestCommand.RunTestMethodInThreadAbortSafeZone(TestExecutionContext context, Action action)

1)    at AutomationTask.Tests.WikipediaAutomationTests.Task1_VerifyUniqueWordCountsAreEqual() in C:\Users\Israel\Desktop\WikipediaAutomation\Tests\WikipediaAutomationTests.cs:line 35


Html test results file : C:\Users\Israel\Desktop\WikipediaAutomation\TestResults\TestResults.html

Failed!  - Failed:     1, Passed:     2, Skipped:     0, Total:     3, Duration: 13 s - WikipediaAutomation.dll (net10.0)
